
Flow Record: 
  Flags        =              0x00 FLOW, Unsampled
  Elements     =                 0: 
  size         =                12
  engine type  =                20
  engine ID    =                 1
  export sysid =                 0

Flow Record: 
  Flags        =              0x00 FLOW, Unsampled
  Elements     =                 1: 1 
  size         =                64
  engine type  =                30
  engine ID    =                 2
  export sysid =                 0
  first        =     1562833810110 [2019-07-11 10:30:10.110]
  last         =     1562833810140 [2019-07-11 10:30:10.140]
  received at  =     1562833809141 [2019-07-11 10:30:09.141]
  proto        =                 0 0
  tcp flags    =              0x00 ........
  src port     =                20
  dst port     =                22
  src tos      =                 3
  fwd status   =                 1
  in packets   =                 2
  in bytes     =              2048

Flow Record: 
  Flags        =              0x00 FLOW, Unsampled
  Elements     =                 2: 1 2 
  size         =                76
  engine type  =                40
  engine ID    =                 3
  export sysid =                 0
  first        =     1562833820210 [2019-07-11 10:30:20.210]
  last         =     1562833820250 [2019-07-11 10:30:20.250]
  received at  =     1562833819251 [2019-07-11 10:30:19.251]
  proto        =                 0 0
  tcp flags    =              0x00 ........
  src port     =                30
  dst port     =                33
  src tos      =                 3
  fwd status   =                 1
  in packets   =                 3
  in bytes     =              3072
  src addr     =       172.16.1.66
  dst addr     =   192.168.170.100

Flow Record: 
  Flags        =              0x00 FLOW, Unsampled
  Elements     =                 2: 1 3 
  size         =               100
  engine type  =                50
  engine ID    =                 4
  export sysid =                 0
  first        =     1562833830310 [2019-07-11 10:30:30.310]
  last         =     1562833830360 [2019-07-11 10:30:30.360]
  received at  =     1562833829361 [2019-07-11 10:30:29.361]
  proto        =                 0 0
  tcp flags    =              0x00 ........
  src port     =                40
  dst port     =                44
  src tos      =                 3
  fwd status   =                 1
  in packets   =                 4
  in bytes     =              4096
  src addr     =  fe80::2110:abcd:1234:0
  dst addr     =  fe80::2110:abcd:1235:4321

Flow Record: 
  Flags        =              0x00 FLOW, Unsampled
  Elements     =                 3: 1 2 4 
  size         =                96
  engine type  =                50
  engine ID    =                 4
  export sysid =                 0
  first        =     1562833830310 [2019-07-11 10:30:30.310]
  last         =     1562833830360 [2019-07-11 10:30:30.360]
  received at  =     1562833829361 [2019-07-11 10:30:29.361]
  proto        =                 6 TCP
  tcp flags    =              0x02 ......S.
  src port     =                80
  dst port     =             22222
  src tos      =                 3
  fwd status   =                 1
  in packets   =                 4
  in bytes     =              4096
  src addr     =       172.16.2.66
  dst addr     =   192.168.170.101
  input        =               100
  output       =               200
  src mask     =                16 172.16.0.0/16
  dst mask     =                24 192.168.170.0/24
  dst tos      =                 4
  direction    =                 1
  biFlow Dir   =              0x00 
  end reason   =              0x00 

Flow Record: 
  Flags        =              0x00 FLOW, Unsampled
  Elements     =                 3: 1 2 4 
  size         =                96
  engine type  =                50
  engine ID    =                 4
  export sysid =                 0
  first        =     1562833831310 [2019-07-11 10:30:31.310]
  last         =     1562833831360 [2019-07-11 10:30:31.360]
  received at  =     1562833829361 [2019-07-11 10:30:29.361]
  proto        =                 6 TCP
  tcp flags    =              0x10 ...A....
  src port     =                80
  dst port     =             22222
  src tos      =                 3
  fwd status   =                 1
  in packets   =                14
  in bytes     =              5120
  src addr     =       172.16.2.66
  dst addr     =   192.168.170.101
  input        =               100
  output       =               200
  src mask     =                16 172.16.0.0/16
  dst mask     =                24 192.168.170.0/24
  dst tos      =                 4
  direction    =                 1
  biFlow Dir   =              0x00 
  end reason   =              0x00 

Flow Record: 
  Flags        =              0x00 FLOW, Unsampled
  Elements     =                 3: 1 2 4 
  size         =                96
  engine type  =                50
  engine ID    =                 4
  export sysid =                 0
  first        =     1562833832310 [2019-07-11 10:30:32.310]
  last         =     1562833832360 [2019-07-11 10:30:32.360]
  received at  =     1562833829361 [2019-07-11 10:30:29.361]
  proto        =                 6 TCP
  tcp flags    =              0x01 .......F
  src port     =                80
  dst port     =             22222
  src tos      =                 3
  fwd status   =                 1
  in packets   =                24
  in bytes     =              6144
  src addr     =       172.16.2.66
  dst addr     =   192.168.170.101
  input        =               100
  output       =               200
  src mask     =                16 172.16.0.0/16
  dst mask     =                24 192.168.170.0/24
  dst tos      =                 4
  direction    =                 1
  biFlow Dir   =              0x00 
  end reason   =              0x00 

Flow Record: 
  Flags        =              0x00 FLOW, Unsampled
  Elements     =                 3: 1 2 4 
  size         =                96
  engine type  =                50
  engine ID    =                 4
  export sysid =                 0
  first        =     1562833832311 [2019-07-11 10:30:32.311]
  last         =     1562833832361 [2019-07-11 10:30:32.361]
  received at  =     1562833829361 [2019-07-11 10:30:29.361]
  proto        =                 6 TCP
  tcp flags    =              0x12 ...A..S.
  src port     =             22222
  dst port     =                80
  src tos      =                 3
  fwd status   =                 1
  in packets   =                10
  in bytes     =              1024
  src addr     =   192.168.170.101
  dst addr     =       172.16.2.66
  input        =               200
  output       =               100
  src mask     =                24 192.168.170.0/24
  dst mask     =                16 172.16.0.0/16
  dst tos      =                 4
  direction    =                 2
  biFlow Dir   =              0x00 
  end reason   =              0x00 

Flow Record: 
  Flags        =              0x00 FLOW, Unsampled
  Elements     =                 3: 1 2 4 
  size         =                96
  engine type  =                50
  engine ID    =                 4
  export sysid =                 0
  first        =     1562833833311 [2019-07-11 10:30:33.311]
  last         =     1562833833361 [2019-07-11 10:30:33.361]
  received at  =     1562833829361 [2019-07-11 10:30:29.361]
  proto        =                 6 TCP
  tcp flags    =              0x10 ...A....
  src port     =             22222
  dst port     =                80
  src tos      =                 3
  fwd status   =                 1
  in packets   =                20
  in bytes     =              2048
  src addr     =   192.168.170.101
  dst addr     =       172.16.2.66
  input        =               200
  output       =               100
  src mask     =                24 192.168.170.0/24
  dst mask     =                16 172.16.0.0/16
  dst tos      =                 4
  direction    =                 2
  biFlow Dir   =              0x00 
  end reason   =              0x00 

Flow Record: 
  Flags        =              0x00 FLOW, Unsampled
  Elements     =                 3: 1 2 4 
  size         =                96
  engine type  =                50
  engine ID    =                 4
  export sysid =                 0
  first        =     1562833834311 [2019-07-11 10:30:34.311]
  last         =     1562833834361 [2019-07-11 10:30:34.361]
  received at  =     1562833829361 [2019-07-11 10:30:29.361]
  proto        =                 6 TCP
  tcp flags    =              0x01 .......F
  src port     =             22222
  dst port     =                80
  src tos      =                 3
  fwd status   =                 1
  in packets   =                30
  in bytes     =              3072
  src addr     =   192.168.170.101
  dst addr     =       172.16.2.66
  input        =               200
  output       =               100
  src mask     =                24 192.168.170.0/24
  dst mask     =                16 172.16.0.0/16
  dst tos      =                 4
  direction    =                 2
  biFlow Dir   =              0x00 
  end reason   =              0x00 

Flow Record: 
  Flags        =              0x00 FLOW, Unsampled
  Elements     =                 4: 1 2 4 5 
  size         =               124
  engine type  =                60
  engine ID    =                 5
  export sysid =                 0
  first        =     1562833840410 [2019-07-11 10:30:40.410]
  last         =     1562833840470 [2019-07-11 10:30:40.470]
  received at  =     1562833839471 [2019-07-11 10:30:39.471]
  proto        =                 6 TCP
  tcp flags    =              0x02 ......S.
  src port     =             22232
  dst port     =                91
  src tos      =                 3
  fwd status   =                 1
  in packets   =                31
  in bytes     =              4096
  src addr     =    72.138.170.101
  dst addr     =        42.16.32.6
  input        =               200
  output       =               100
  src mask     =                24 72.138.170.0/24
  dst mask     =                16 42.16.0.0/16
  dst tos      =                 4
  direction    =                 2
  biFlow Dir   =              0x00 
  end reason   =              0x00 
  out packets  =               203
  out bytes    =               204
  aggr flows   =                 7

Flow Record: 
  Flags        =              0x00 FLOW, Unsampled
  Elements     =                 5: 1 2 4 5 6 
  size         =               136
  engine type  =                70
  engine ID    =                 6
  export sysid =                 0
  first        =     1562833850510 [2019-07-11 10:30:50.510]
  last         =     1562833850580 [2019-07-11 10:30:50.580]
  received at  =     1562833849581 [2019-07-11 10:30:49.581]
  proto        =                 6 TCP
  tcp flags    =              0x03 ......SF
  src port     =             22242
  dst port     =               102
  src tos      =                 3
  fwd status   =                 1
  in packets   =                32
  in bytes     =              5120
  src addr     =    72.138.170.101
  dst addr     =        42.16.32.6
  input        =               200
  output       =               100
  src mask     =                24 72.138.170.0/24
  dst mask     =                16 42.16.0.0/16
  dst tos      =                 4
  direction    =                 2
  biFlow Dir   =              0x00 
  end reason   =              0x00 
  out packets  =               203
  out bytes    =               204
  aggr flows   =                 7
  src vlan     =                45
  dst vlan     =                46

Flow Record: 
  Flags        =              0x00 FLOW, Unsampled
  Elements     =                 6: 1 2 4 5 6 7 
  size         =               148
  engine type  =                80
  engine ID    =                 7
  export sysid =                 0
  first        =     1562833860610 [2019-07-11 10:31:00.610]
  last         =     1562833860690 [2019-07-11 10:31:00.690]
  received at  =     1562833859691 [2019-07-11 10:30:59.691]
  proto        =                 6 TCP
  tcp flags    =              0x04 .....R..
  src port     =             22252
  dst port     =               113
  src tos      =                 3
  fwd status   =                 1
  in packets   =                33
  in bytes     =              6144
  src addr     =    72.138.170.101
  dst addr     =        42.16.32.6
  input        =               200
  output       =               100
  src mask     =                24 72.138.170.0/24
  dst mask     =                16 42.16.0.0/16
  dst tos      =                 4
  direction    =                 2
  biFlow Dir   =              0x00 
  end reason   =              0x00 
  out packets  =               203
  out bytes    =               204
  aggr flows   =                 7
  src vlan     =                45
  dst vlan     =                46
  src as       =               775
  dst as       =              3303

Flow Record: 
  Flags        =              0x00 FLOW, Unsampled
  Elements     =                 7: 1 2 4 5 6 7 10 
  size         =               156
  engine type  =                90
  engine ID    =                 8
  export sysid =                 0
  first        =     1562833870710 [2019-07-11 10:31:10.710]
  last         =     1562833870800 [2019-07-11 10:31:10.800]
  received at  =     1562833869801 [2019-07-11 10:31:09.801]
  proto        =                 6 TCP
  tcp flags    =              0x05 .....R.F
  src port     =             22262
  dst port     =               124
  src tos      =                 3
  fwd status   =                 1
  in packets   =                34
  in bytes     =              7168
  src addr     =    72.138.170.101
  dst addr     =        42.16.32.6
  input        =               200
  output       =               100
  src mask     =                24 72.138.170.0/24
  dst mask     =                16 42.16.0.0/16
  dst tos      =                 4
  direction    =                 2
  biFlow Dir   =              0x00 
  end reason   =              0x00 
  out packets  =               203
  out bytes    =               204
  aggr flows   =                 7
  src vlan     =                45
  dst vlan     =                46
  src as       =               775
  dst as       =              3303
  ip next hop  =        172.72.1.2

Flow Record: 
  Flags        =              0x00 FLOW, Unsampled
  Elements     =                 8: 1 2 4 5 6 7 8 10 
  size         =               164
  engine type  =               100
  engine ID    =                 9
  export sysid =                 0
  first        =     1562833880810 [2019-07-11 10:31:20.810]
  last         =     1562833880910 [2019-07-11 10:31:20.910]
  received at  =     1562833879911 [2019-07-11 10:31:19.911]
  proto        =                 6 TCP
  tcp flags    =              0x06 .....RS.
  src port     =             22272
  dst port     =               135
  src tos      =                 3
  fwd status   =                 1
  in packets   =                35
  in bytes     =              8192
  src addr     =    72.138.170.101
  dst addr     =        42.16.32.6
  input        =               200
  output       =               100
  src mask     =                24 72.138.170.0/24
  dst mask     =                16 42.16.0.0/16
  dst tos      =                 4
  direction    =                 2
  biFlow Dir   =              0x00 
  end reason   =              0x00 
  out packets  =               203
  out bytes    =               204
  aggr flows   =                 7
  src vlan     =                45
  dst vlan     =                46
  src as       =               775
  dst as       =              3303
  bgp next hop =        172.73.2.3
  ip next hop  =        172.72.1.2

Flow Record: 
  Flags        =              0x00 FLOW, Unsampled
  Elements     =                 9: 1 2 4 5 6 7 8 10 12 
  size         =               172
  engine type  =               110
  engine ID    =                10
  export sysid =                 0
  first        =     1562833890910 [2019-07-11 10:31:30.910]
  last         =     1562833891020 [2019-07-11 10:31:31.020]
  received at  =     1562833890021 [2019-07-11 10:31:30.021]
  proto        =                 6 TCP
  tcp flags    =              0x07 .....RSF
  src port     =             22282
  dst port     =               146
  src tos      =                 3
  fwd status   =                 1
  in packets   =                36
  in bytes     =              9216
  src addr     =    72.138.170.101
  dst addr     =        42.16.32.6
  input        =               200
  output       =               100
  src mask     =                24 72.138.170.0/24
  dst mask     =                16 42.16.0.0/16
  dst tos      =                 4
  direction    =                 2
  biFlow Dir   =              0x00 
  end reason   =              0x00 
  out packets  =               203
  out bytes    =               204
  aggr flows   =                 7
  src vlan     =                45
  dst vlan     =                46
  src as       =               775
  dst as       =              3303
  bgp next hop =        172.73.2.3
  ip next hop  =        172.72.1.2
  ip exporter  =         127.0.0.1

Flow Record: 
  Flags        =              0x00 FLOW, Unsampled
  Elements     =                10: 1 2 4 5 6 7 8 10 12 14 
  size         =               216
  engine type  =               120
  engine ID    =                11
  export sysid =                 0
  first        =     1562833900010 [2019-07-11 10:31:40.010]
  last         =     1562833900130 [2019-07-11 10:31:40.130]
  received at  =     1562833899131 [2019-07-11 10:31:39.131]
  proto        =                 6 TCP
  tcp flags    =              0x08 ....P...
  src port     =             22292
  dst port     =               157
  src tos      =                 3
  fwd status   =                 1
  in packets   =                37
  in bytes     =             10240
  src addr     =    72.138.170.101
  dst addr     =        42.16.32.6
  input        =               200
  output       =               100
  src mask     =                24 72.138.170.0/24
  dst mask     =                16 42.16.0.0/16
  dst tos      =                 4
  direction    =                 2
  biFlow Dir   =              0x00 
  end reason   =              0x00 
  out packets  =               203
  out bytes    =               204
  aggr flows   =                 7
  src vlan     =                45
  dst vlan     =                46
  src as       =               775
  dst as       =              3303
  bgp next hop =        172.73.2.3
  ip next hop  =        172.72.1.2
  ip exporter  =         127.0.0.1
  MPLS Lbl  1  =          1010-0-0
  MPLS Lbl  2  =          2020-0-0
  MPLS Lbl  3  =          3030-0-0
  MPLS Lbl  4  =          4040-0-0
  MPLS Lbl  5  =          5050-0-0
  MPLS Lbl  6  =          6060-0-0
  MPLS Lbl  7  =          7070-0-0
  MPLS Lbl  8  =          8080-0-0
  MPLS Lbl  9  =          9090-0-0
  MPLS Lbl 10  =        100100-0-1

Flow Record: 
  Flags        =              0x00 FLOW, Unsampled
  Elements     =                11: 1 2 4 5 6 7 8 10 12 14 15 
  size         =               252
  engine type  =               130
  engine ID    =                12
  export sysid =                 0
  first        =     1562833910110 [2019-07-11 10:31:50.110]
  last         =     1562833910240 [2019-07-11 10:31:50.240]
  received at  =     1562833909241 [2019-07-11 10:31:49.241]
  proto        =                 6 TCP
  tcp flags    =              0x09 ....P..F
  src port     =             22302
  dst port     =               168
  src tos      =                 3
  fwd status   =                 1
  in packets   =                38
  in bytes     =             11264
  src addr     =    72.138.170.101
  dst addr     =        42.16.32.6
  input        =               200
  output       =               100
  src mask     =                24 72.138.170.0/24
  dst mask     =                16 42.16.0.0/16
  dst tos      =                 4
  direction    =                 2
  biFlow Dir   =              0x00 
  end reason   =              0x00 
  out packets  =               203
  out bytes    =               204
  aggr flows   =                 7
  src vlan     =                45
  dst vlan     =                46
  src as       =               775
  dst as       =              3303
  bgp next hop =        172.73.2.3
  ip next hop  =        172.72.1.2
  ip exporter  =         127.0.0.1
  MPLS Lbl  1  =          1010-0-0
  MPLS Lbl  2  =          2020-0-0
  MPLS Lbl  3  =          3030-0-0
  MPLS Lbl  4  =          4040-0-0
  MPLS Lbl  5  =          5050-0-0
  MPLS Lbl  6  =          6060-0-0
  MPLS Lbl  7  =          7070-0-0
  MPLS Lbl  8  =          8080-0-0
  MPLS Lbl  9  =          9090-0-0
  MPLS Lbl 10  =        100100-0-1
  in src mac   = 12:34:56:78:90:aa
  out dst mac  = 2f:ee:dd:cc:bb:ab
  in dst mac   = 3a:ee:dd:cc:bb:fc
  out src mac  = 4a:34:56:78:90:0d

Flow Record: 
  Flags        =              0x00 FLOW, Unsampled
  Elements     =                12: 1 2 4 5 6 7 8 10 12 14 15 16 
  size         =               264
  engine type  =               140
  engine ID    =                13
  export sysid =                 0
  first        =     1562833920210 [2019-07-11 10:32:00.210]
  last         =     1562833920350 [2019-07-11 10:32:00.350]
  received at  =     1562833919351 [2019-07-11 10:31:59.351]
  proto        =                 6 TCP
  tcp flags    =              0x0a ....P.S.
  src port     =             22312
  dst port     =               179
  src tos      =                 3
  fwd status   =                 1
  in packets   =                39
  in bytes     =             12288
  src addr     =    72.138.170.101
  dst addr     =        42.16.32.6
  input        =               200
  output       =               100
  src mask     =                24 72.138.170.0/24
  dst mask     =                16 42.16.0.0/16
  dst tos      =                 4
  direction    =                 2
  biFlow Dir   =              0x00 
  end reason   =              0x00 
  out packets  =               203
  out bytes    =               204
  aggr flows   =                 7
  src vlan     =                45
  dst vlan     =                46
  src as       =               775
  dst as       =              3303
  bgp next hop =        172.73.2.3
  ip next hop  =        172.72.1.2
  ip exporter  =         127.0.0.1
  MPLS Lbl  1  =          1010-0-0
  MPLS Lbl  2  =          2020-0-0
  MPLS Lbl  3  =          3030-0-0
  MPLS Lbl  4  =          4040-0-0
  MPLS Lbl  5  =          5050-0-0
  MPLS Lbl  6  =          6060-0-0
  MPLS Lbl  7  =          7070-0-0
  MPLS Lbl  8  =          8080-0-0
  MPLS Lbl  9  =          9090-0-0
  MPLS Lbl 10  =        100100-0-1
  in src mac   = 12:34:56:78:90:aa
  out dst mac  = 2f:ee:dd:cc:bb:ab
  in dst mac   = 3a:ee:dd:cc:bb:fc
  out src mac  = 4a:34:56:78:90:0d
  bgp next as  =              7751
  bgp prev as  =             33032

Flow Record: 
  Flags        =              0x00 FLOW, Unsampled
  Elements     =                13: 1 2 4 5 6 7 8 10 12 14 15 16 17 
  size         =               292
  engine type  =               150
  engine ID    =                14
  export sysid =                 0
  first        =     1562833930310 [2019-07-11 10:32:10.310]
  last         =     1562833930460 [2019-07-11 10:32:10.460]
  received at  =     1562833929461 [2019-07-11 10:32:09.461]
  proto        =                 6 TCP
  tcp flags    =              0x0b ....P.SF
  src port     =             22322
  dst port     =               190
  src tos      =                 3
  fwd status   =                 1
  in packets   =                40
  in bytes     =             13312
  src addr     =    72.138.170.101
  dst addr     =        42.16.32.6
  input        =               200
  output       =               100
  src mask     =                24 72.138.170.0/24
  dst mask     =                16 42.16.0.0/16
  dst tos      =                 4
  direction    =                 2
  biFlow Dir   =              0x00 
  end reason   =              0x00 
  out packets  =               203
  out bytes    =               204
  aggr flows   =                 7
  src vlan     =                45
  dst vlan     =                46
  src as       =               775
  dst as       =              3303
  bgp next hop =        172.73.2.3
  ip next hop  =        172.72.1.2
  ip exporter  =         127.0.0.1
  MPLS Lbl  1  =          1010-0-0
  MPLS Lbl  2  =          2020-0-0
  MPLS Lbl  3  =          3030-0-0
  MPLS Lbl  4  =          4040-0-0
  MPLS Lbl  5  =          5050-0-0
  MPLS Lbl  6  =          6060-0-0
  MPLS Lbl  7  =          7070-0-0
  MPLS Lbl  8  =          8080-0-0
  MPLS Lbl  9  =          9090-0-0
  MPLS Lbl 10  =        100100-0-1
  in src mac   = 12:34:56:78:90:aa
  out dst mac  = 2f:ee:dd:cc:bb:ab
  in dst mac   = 3a:ee:dd:cc:bb:fc
  out src mac  = 4a:34:56:78:90:0d
  bgp next as  =              7751
  bgp prev as  =             33032
  cli latency  =             0.002 ms
  srv latency  =             0.022 ms
  app latency  =             0.222 ms
